I/O options:
  database file   : ../../512_simSeq1_5e-2.fa
  query file      : ../../512_simSeq2_5e-2.fa
  alphabet        : dna5
  output file     : 5e-2.gff
  output format   : gff

User specified parameters:
  minimal match length             : 50
  maximal error rate (epsilon)     : 0.05 = (1/20)
  maximal x-drop                   : 10
  k-mer (q-gram) length            : 7
  search forward strand            : no
  search reverse complement        : yes

  verification strategy            : exact
  maximal number of matches        : 5000
  duplicate removal every          : 10000
  threads                          : 1

Calculated parameters:
  s^min        : 15
  threshold    : 30
  distance cut : 64
  delta        : 16
  overlap      : 4

Loaded 1 query sequence.
Loaded 1 database sequence.

All matches resulting from your search have an E-value of: 
        6.19138e-12 or smaller  (match score = 1, error penalty = -2)

Constructing index...

Aligning all query sequences to database sequence...
  seq1 length=1000000 numMatches=500 errorRate=0.05 matchMinLength=50 matchMaxLength=200, complement

# Eps-matches     : 0
Running time: 6637ms
 * Stellar Application Time: 6637ms
    + File Input Queries Time: 62ms
    + File Input Databases Time: 55ms
    + SwiftFilter Construction Time: 156ms
    + Stellar Forward Strand Time: 0ms
       + Prefiltered Stellar Time (Forward): 0ms
          + Swift Filter Time (Forward): 0ms
          + Seed Verification Time (Forward): 0ms
             + Find Next Local Alignment Time (Forward): 0ms
             + Split At X-Drops Time (Forward): 0ms
             + Extension Time (Forward): 0ms
                + Extend Seed Time (Forward): 0ms
                + Best Extension Time (Forward): 0ms
                   + Banded Needleman-Wunsch Time (Forward): 0ms
                      + Banded Needleman-Wunsch (Left Extension) Time (Forward): 0ms
                      + Banded Needleman-Wunsch (Right Extension) Time (Forward): 0ms
                   + Longest EPS Match Time (Forward): 0ms
                   + Construct Alignment Time (Forward): 0ms
                   = total time: 0ms
                = total time: 0ms
             = total time: 0ms
          = total time: 0ms
       + Post-Process Eps-Matches Time (Forward): 0ms
       + File Output Eps-Matches Time (Forward): 0ms
       = total time: 0ms
    + Database Reverse Complement Time: 16ms
    + Stellar Reverse Strand Time: 6335ms
       + Prefiltered Stellar Time (Reverse): 0ms
          + Swift Filter Time (Reverse): 6293ms
          + Seed Verification Time (Reverse): 0ms
             + Find Next Local Alignment Time (Reverse): 0ms
             + Split At X-Drops Time (Reverse): 0ms
             + Extension Time (Reverse): 0ms
                + Extend Seed Time (Reverse): 0ms
                + Best Extension Time (Reverse): 0ms
                   + Banded Needleman-Wunsch Time (Reverse): 0ms
                      + Banded Needleman-Wunsch (Left Extension) Time (Reverse): 0ms
                      + Banded Needleman-Wunsch (Right Extension) Time (Reverse): 0ms
                   + Longest EPS Match Time (Reverse): 0ms
                   + Construct Alignment Time (Reverse): 0ms
                   = total time: 0ms
                = total time: 0ms
             = total time: 0ms
          = total time: 6293ms
       + Post-Process Eps-Matches Time (Reverse): 0ms
       + File Output Eps-Matches Time (Reverse): 0ms
       = total time: 0ms
    + File Output Disabled Queries Time: 0ms
    = total time: 6626ms
