I/O options:
  database file   : ../../512_simSeq1_e-1.fa
  query file      : ../../512_simSeq2_e-1.fa
  alphabet        : dna5
  output file     : e-1.gff
  output format   : gff

User specified parameters:
  minimal match length             : 50
  maximal error rate (epsilon)     : 0.1 = (1/10)
  maximal x-drop                   : 10
  k-mer (q-gram) length            : 7
  search forward strand            : no
  search reverse complement        : yes

  verification strategy            : exact
  maximal number of matches        : 5000
  duplicate removal every          : 10000
  threads                          : 1

Calculated parameters:
  s^min        : 8
  threshold    : 9
  distance cut : 64
  delta        : 16
  overlap      : 7

Loaded 1 query sequence.
Loaded 1 database sequence.

All matches resulting from your search have an E-value of: 
        2.77384e-07 or smaller  (match score = 1, error penalty = -2)

Constructing index...

Aligning all query sequences to database sequence...
  seq1 length=1000000 numMatches=500 errorRate=0.1 matchMinLength=50 matchMaxLength=200, complement
    # SWIFT hits      : 3451
    Longest hit       : 207
    Avg hit length    : 50

# Eps-matches     : 0
Running time: 12008ms
 * Stellar Application Time: 12008ms
    + File Input Queries Time: 72ms
    + File Input Databases Time: 56ms
    + SwiftFilter Construction Time: 149ms
    + Stellar Forward Strand Time: 0ms
       + Prefiltered Stellar Time (Forward): 0ms
          + Swift Filter Time (Forward): 0ms
          + Seed Verification Time (Forward): 0ms
             + Find Next Local Alignment Time (Forward): 0ms
             + Split At X-Drops Time (Forward): 0ms
             + Extension Time (Forward): 0ms
                + Extend Seed Time (Forward): 0ms
                + Best Extension Time (Forward): 0ms
                   + Banded Needleman-Wunsch Time (Forward): 0ms
                      + Banded Needleman-Wunsch (Left Extension) Time (Forward): 0ms
                      + Banded Needleman-Wunsch (Right Extension) Time (Forward): 0ms
                   + Longest EPS Match Time (Forward): 0ms
                   + Construct Alignment Time (Forward): 0ms
                   = total time: 0ms
                = total time: 0ms
             = total time: 0ms
          = total time: 0ms
       + Post-Process Eps-Matches Time (Forward): 0ms
       + File Output Eps-Matches Time (Forward): 0ms
       = total time: 0ms
    + Database Reverse Complement Time: 15ms
    + Stellar Reverse Strand Time: 11662ms
       + Prefiltered Stellar Time (Reverse): 0ms
          + Swift Filter Time (Reverse): 6073ms
          + Seed Verification Time (Reverse): 5542ms
             + Find Next Local Alignment Time (Reverse): 3940ms
             + Split At X-Drops Time (Reverse): 156ms
             + Extension Time (Reverse): 1413ms
                + Extend Seed Time (Reverse): 786ms
                + Best Extension Time (Reverse): 541ms
                   + Banded Needleman-Wunsch Time (Reverse): 525ms
                      + Banded Needleman-Wunsch (Left Extension) Time (Reverse): 273ms
                      + Banded Needleman-Wunsch (Right Extension) Time (Reverse): 251ms
                   + Longest EPS Match Time (Reverse): 6ms
                   + Construct Alignment Time (Reverse): 0ms
                   = total time: 531ms
                = total time: 1328ms
             = total time: 5510ms
          = total time: 11615ms
       + Post-Process Eps-Matches Time (Reverse): 0ms
       + File Output Eps-Matches Time (Reverse): 0ms
       = total time: 0ms
    + File Output Disabled Queries Time: 0ms
    = total time: 11956ms
