I/O options:
  database file   : ../../512_simSeq1_75e-3.fa
  query file      : ../../512_simSeq2_75e-3.fa
  alphabet        : dna5
  output file     : 75e-3.gff
  output format   : gff

User specified parameters:
  minimal match length             : 50
  maximal error rate (epsilon)     : 0.075 = (3/40)
  maximal x-drop                   : 10
  k-mer (q-gram) length            : 7
  search forward strand            : yes
  search reverse complement        : no

  verification strategy            : exact
  maximal number of matches        : 5000
  duplicate removal every          : 10000
  threads                          : 1

Calculated parameters:
  s^min        : 10
  threshold    : 20
  distance cut : 68
  delta        : 16
  overlap      : 6

Loaded 1 query sequence.
Loaded 1 database sequence.

All matches resulting from your search have an E-value of: 
        2.19897e-10 or smaller  (match score = 1, error penalty = -2)

Constructing index...

Aligning all query sequences to database sequence...
  seq1 length=1000000 numMatches=500 errorRate=0.075 matchMinLength=50 matchMaxLength=200
    # SWIFT hits      : 712
    Longest hit       : 242
    Avg hit length    : 118

# Eps-matches     : 500
Longest eps-match : 219
Avg match length  : 131
Running time: 11039ms
 * Stellar Application Time: 11039ms
    + File Input Queries Time: 65ms
    + File Input Databases Time: 58ms
    + SwiftFilter Construction Time: 165ms
    + Stellar Forward Strand Time: 10740ms
       + Prefiltered Stellar Time (Forward): 0ms
          + Swift Filter Time (Forward): 6213ms
          + Seed Verification Time (Forward): 4081ms
             + Find Next Local Alignment Time (Forward): 2380ms
             + Split At X-Drops Time (Forward): 118ms
             + Extension Time (Forward): 1561ms
                + Extend Seed Time (Forward): 767ms
                + Best Extension Time (Forward): 700ms
                   + Banded Needleman-Wunsch Time (Forward): 614ms
                      + Banded Needleman-Wunsch (Left Extension) Time (Forward): 316ms
                      + Banded Needleman-Wunsch (Right Extension) Time (Forward): 297ms
                   + Longest EPS Match Time (Forward): 7ms
                   + Construct Alignment Time (Forward): 73ms
                   = total time: 694ms
                = total time: 1467ms
             = total time: 4059ms
          = total time: 10295ms
       + Post-Process Eps-Matches Time (Forward): 193ms
       + File Output Eps-Matches Time (Forward): 207ms
       = total time: 400ms
    + Database Reverse Complement Time: 0ms
    + Stellar Reverse Strand Time: 0ms
       + Prefiltered Stellar Time (Reverse): 0ms
          + Swift Filter Time (Reverse): 0ms
          + Seed Verification Time (Reverse): 0ms
             + Find Next Local Alignment Time (Reverse): 0ms
             + Split At X-Drops Time (Reverse): 0ms
             + Extension Time (Reverse): 0ms
                + Extend Seed Time (Reverse): 0ms
                + Best Extension Time (Reverse): 0ms
                   + Banded Needleman-Wunsch Time (Reverse): 0ms
                      + Banded Needleman-Wunsch (Left Extension) Time (Reverse): 0ms
                      + Banded Needleman-Wunsch (Right Extension) Time (Reverse): 0ms
                   + Longest EPS Match Time (Reverse): 0ms
                   + Construct Alignment Time (Reverse): 0ms
                   = total time: 0ms
                = total time: 0ms
             = total time: 0ms
          = total time: 0ms
       + Post-Process Eps-Matches Time (Reverse): 0ms
       + File Output Eps-Matches Time (Reverse): 0ms
       = total time: 0ms
    + File Output Disabled Queries Time: 0ms
    = total time: 11029ms
