I/O options:
  database file   : ../../512_simSeq1_5e-2.fa
  query file      : ../../512_simSeq2_5e-2.fa
  alphabet        : dna5
  output file     : minLen150.gff
  output format   : gff

User specified parameters:
  minimal match length             : 150
  maximal error rate (epsilon)     : 0.05 = (1/20)
  maximal x-drop                   : 10
  k-mer (q-gram) length            : 7
  search forward strand            : yes
  search reverse complement        : no

  verification strategy            : exact
  maximal number of matches        : 5000
  duplicate removal every          : 10000
  threads                          : 1

Calculated parameters:
  s^min        : 17
  threshold    : 95
  distance cut : 199
  delta        : 16
  overlap      : 14

Loaded 1 query sequence.
Loaded 1 database sequence.

All matches resulting from your search have an E-value of: 
        7.29291e-56 or smaller  (match score = 1, error penalty = -2)

Constructing index...

Aligning all query sequences to database sequence...
  seq1 length=1000000 numMatches=500 errorRate=0.05 matchMinLength=50 matchMaxLength=200
    # SWIFT hits      : 412
    Longest hit       : 681
    Avg hit length    : 202

# Eps-matches     : 177
Longest eps-match : 213
Avg match length  : 177
Running time: 10291ms
 * Stellar Application Time: 10291ms
    + File Input Queries Time: 61ms
    + File Input Databases Time: 54ms
    + SwiftFilter Construction Time: 158ms
    + Stellar Forward Strand Time: 10007ms
       + Prefiltered Stellar Time (Forward): 0ms
          + Swift Filter Time (Forward): 6091ms
          + Seed Verification Time (Forward): 3683ms
             + Find Next Local Alignment Time (Forward): 2623ms
             + Split At X-Drops Time (Forward): 83ms
             + Extension Time (Forward): 966ms
                + Extend Seed Time (Forward): 481ms
                + Best Extension Time (Forward): 419ms
                   + Banded Needleman-Wunsch Time (Forward): 378ms
                      + Banded Needleman-Wunsch (Left Extension) Time (Forward): 193ms
                      + Banded Needleman-Wunsch (Right Extension) Time (Forward): 184ms
                   + Longest EPS Match Time (Forward): 3ms
                   + Construct Alignment Time (Forward): 34ms
                   = total time: 416ms
                = total time: 900ms
             = total time: 3673ms
          = total time: 9774ms
       + Post-Process Eps-Matches Time (Forward): 98ms
       + File Output Eps-Matches Time (Forward): 91ms
       = total time: 189ms
    + Database Reverse Complement Time: 0ms
    + Stellar Reverse Strand Time: 0ms
       + Prefiltered Stellar Time (Reverse): 0ms
          + Swift Filter Time (Reverse): 0ms
          + Seed Verification Time (Reverse): 0ms
             + Find Next Local Alignment Time (Reverse): 0ms
             + Split At X-Drops Time (Reverse): 0ms
             + Extension Time (Reverse): 0ms
                + Extend Seed Time (Reverse): 0ms
                + Best Extension Time (Reverse): 0ms
                   + Banded Needleman-Wunsch Time (Reverse): 0ms
                      + Banded Needleman-Wunsch (Left Extension) Time (Reverse): 0ms
                      + Banded Needleman-Wunsch (Right Extension) Time (Reverse): 0ms
                   + Longest EPS Match Time (Reverse): 0ms
                   + Construct Alignment Time (Reverse): 0ms
                   = total time: 0ms
                = total time: 0ms
             = total time: 0ms
          = total time: 0ms
       + Post-Process Eps-Matches Time (Reverse): 0ms
       + File Output Eps-Matches Time (Reverse): 0ms
       = total time: 0ms
    + File Output Disabled Queries Time: 0ms
    = total time: 10281ms
